Microchip Technology Inc, vv3_20 (B) ”

Tool Name:
  c:\program files\microchip\mplab c30\bin\bin\..\bin/pic30-coff-ld.exe

Command:
  -p24FJ128GA010 \
  -omain.cof \
  -Lc:/program files/microchip/mplab c30/bin/bin/.. \
  -Lc:/program files/microchip/mplab c30/bin/bin/../../lib \
  -Lc:/program files/microchip/mplab c30/bin/bin/../../support/generic/gld \
  -Lc:/program files/microchip/mplab c30/bin/bin/../../lib/PIC24F \
  -Lc:/program files/microchip/mplab c30/bin/bin/../../support/PIC24F/gld \
  -Lc:/program files/microchip/mplab c30/bin/bin/../../lib/PIC24H \
  -Lc:/program files/microchip/mplab c30/bin/bin/../../support/PIC24H/gld \
  -Lc:/program files/microchip/mplab c30/bin/bin/../../lib/dsPIC30F \
  -Lc:/program files/microchip/mplab c30/bin/bin/../../support/dsPIC30F/gld \
  -Lc:/program files/microchip/mplab c30/bin/bin/../../lib/dsPIC33F \
  -Lc:/program files/microchip/mplab c30/bin/bin/../../support/dsPIC33F/gld \
  adc.o \
  banner.o \
  buttons.o \
  eeprom.o \
  iomapping.o \
  lcd.o \
  LEDstart.o \
  PIC24ExplDemo.o \
  rtcc.o \
  spimpol.o \
  tbanner.o \
  timer.o \
  uart2.o \
  vbanner.o \
  -Tp24FJ128GA010.gld.00 \
  --defsym=__MPLAB_BUILD=1 \
  --defsym=__MPLAB_DEBUG=1 \
  --defsym=__MPLAB_DEBUGGER_PICKIT2=1 \
  --defsym=__ICD2RAM=1 \
  -Map=main.map \
  --report-mem \
  -start-group \
  --library=pic30-coff \
  --library=m-coff \
  --library=c-coff \
  -end-group \

Archive member included because of file (symbol)

c:/program files/microchip/mplab c30/bin/bin/../../lib\libpic30-coff.a(crt0_standard.o)
                              (_resetPRI)
c:/program files/microchip/mplab c30/bin/bin/../../lib\libpic30-coff.a(data_init_standard.o)
                              c:/program files/microchip/mplab c30/bin/bin/../../lib\libpic30-coff.a(crt0_standard.o) (_data_init_standard)
c:/program files/microchip/mplab c30/bin/bin/../../lib\libm-coff.a(udivsi3.o)
                              adc.o (__udivsi3)


Program Memory  [Origin = 0x200, Length = 0x155fc]

section                    address   length (PC units)   length (bytes) (dec)
-------                    -------   -----------------   --------------------
.text                        0x200                0xb0           0x108  (264)
.const                       0x2b0               0x3d8           0x5c4  (1476)
.text                        0x688              0x1580          0x2040  (8256)
.dinit                      0x1c08                0xa6            0xf9  (249)
.text                       0x1cae                0xac           0x102  (258)
.isr                        0x1d5a                 0x2             0x3  (3)

                     Total program memory used (bytes):         0x290a  (10506) 8%


Data Memory  [Origin = 0x800, Length = 0x2000]

section                    address      alignment gaps    total length  (dec)
-------                    -------      --------------    -------------------
.icd                         0x800                0x50            0x50  (80)
.ndata                       0x850                   0            0x84  (132)
.nbss                        0x8d4                   0            0x50  (80)
.ndata                       0x924                   0             0x2  (2)

                        Total data memory used (bytes):          0x126  (294) 3%


Dynamic Memory Usage

region                     address                      maximum length  (dec)
------                     -------                      ---------------------
heap                             0                                   0  (0)
stack                        0x926                              0x1eda  (7898)

                        Maximum dynamic memory (bytes):         0x1eda  (7898)


External Symbols in Data Memory (by address):

                    0x0850                  __pBannersArray
                    0x0894                  __voltage_str
                    0x08a4                  __temperature_str
                    0x08b4                  __time_str
                    0x08c4                  __date_str
                    0x08d4                  __time
                    0x08dc                  __time_chk
                    0x08e4                  __rtcc_flag
                    0x08e6                  __button_press
                    0x08e8                  __b1_cnt
                    0x08e9                  __b2_cnt
                    0x08ea                  __b3_cnt
                    0x08eb                  __b4_cnt
                    0x08ec                  _b1tris
                    0x08ee                  _b2tris
                    0x08f0                  _b3tris
                    0x08f2                  _b4tris
                    0x08f4                  __uADCState
                    0x08f6                  __uADCWait
                    0x08f8                  __uADCCelsiusWait
                    0x08fa                  __uADCCelsius
[...]
Memory Configuration

Name             Origin             Length             Attributes
data             0x000800           0x002000           a !xr
reset            0x000000           0x000004  
ivt              0x000004           0x0000fc  
aivt             0x000104           0x0000fc  
program          0x000200           0x0155fc           xr
config2          0x0157fc           0x000002  
config1          0x0157fe           0x000002  
*default*        0x000000           0xffffffff  

Linker script and memory map

LOAD adc.o
LOAD banner.o
LOAD buttons.o
LOAD eeprom.o
LOAD iomapping.o
LOAD lcd.o
LOAD LEDstart.o
LOAD PIC24ExplDemo.o
LOAD rtcc.o
LOAD spimpol.o
LOAD tbanner.o
LOAD timer.o
LOAD uart2.o
LOAD vbanner.o
LOAD c:/program files/microchip/mplab c30/bin/bin/../../lib/PIC24F\libpPIC24Fxxx-coff.a
                    0x157fc                  __CONFIG2 = 0x157fc
                    0x157fe                  __CONFIG1 = 0x157fe
                    0x0004                  __IVT_BASE = 0x4
                    0x0104                  __AIVT_BASE = 0x104
                    0x0800                  __DATA_BASE = 0x800
                    0x0200                  __CODE_BASE = 0x200

.reset            0x000000          0x4
                  0x000000          0x2 SHORT 0x200 <code 339> (__reset)
                  0x000001          0x2 SHORT 0x4
                  0x000002          0x2 SHORT 0x0 ((<code 339> (__reset) >> 0x10) & 0x7f)
                  0x000003          0x2 SHORT 0x0

.text             0x000200         0xb0
 *(.init)
 .init            0x000200         0x32 c:/program files/microchip/mplab c30/bin/bin/../../lib\libpic30-coff.a(crt0_standard.o)
                  0x000200                  _resetPRI
                  0x000200                  _reset
                  0x000222                  _psv_init
 .init            0x000232         0x5e c:/program files/microchip/mplab c30/bin/bin/../../lib\libpic30-coff.a(data_init_standard.o)
                  0x000232                  _data_init_standard
                  0x000232                  _data_init
 *(.user_init)
 *(.handle)
 *(.libc)
 *(.libm)
 .libm            0x000290         0x20 c:/program files/microchip/mplab c30/bin/bin/../../lib\libm-coff.a(udivsi3.o)
                  0x000290                  __udivsi3
 *(.libdsp)
 *(.lib*)

usercode
 *(usercode)

__CONFIG2         0x0157fc          0x2
 *(__CONFIG2.sec)
 __CONFIG2.sec    0x0157fc          0x2 PIC24ExplDemo.o

__CONFIG1         0x0157fe          0x2
 *(__CONFIG1.sec)
 __CONFIG1.sec    0x0157fe          0x2 PIC24ExplDemo.o

.icd                0x0800         0x50
                    0x0850                  . = (. + DEFINED (__ICD2RAM)?0x50:0x0)
 *fill*             0x0800         0x5000

.comment
 *(.comment)

.debug_info
 *(.debug_info)
 *(.gnu.linkonce.wi.*)

.debug_abbrev
 *(.debug_abbrev)

.debug_line
 *(.debug_line)

.debug_frame
 *(.debug_frame)

.debug_str
 *(.debug_str)

.debug_loc
 *(.debug_loc)

.debug_macinfo
 *(.debug_macinfo)

.debug_pubnames
 *(.debug_pubnames)

.debug_ranges
 *(.debug_ranges)

.debug_aranges
 *(.debug_aranges)

.ivt              0x000004         0xfc
                  0x000004          0x4 LONG 0x1d5a DEFINED (__ReservedTrap0)?<code 339> (__ReservedTrap0):<code 339> (__DefaultInterrupt)
                  0x000006          0x4 LONG 0x1d5a DEFINED (__OscillatorFail)?<code 339> (__OscillatorFail):<code 339> (__DefaultInterrupt)
                  0x000008          0x4 LONG 0x1d5a DEFINED (__AddressError)?<code 339> (__AddressError):<code 339> (__DefaultInterrupt)
                  0x00000a          0x4 LONG 0x1d5a DEFINED (__StackError)?<code 339> (__StackError):<code 339> (__DefaultInterrupt)
                  0x00000c          0x4 LONG 0x1d5a DEFINED (__MathError)?<code 339> (__MathError):<code 339> (__DefaultInterrupt)
                  0x00000e          0x4 LONG 0x1d5a DEFINED (__ReservedTrap5)?<code 339> (__ReservedTrap5):<code 339> (__DefaultInterrupt)
                  0x000010          0x4 LONG 0x1d5a DEFINED (__ReservedTrap6)?<code 339> (__ReservedTrap6):<code 339> (__DefaultInterrupt)
                  0x000012          0x4 LONG 0x1d5a DEFINED (__ReservedTrap7)?<code 339> (__ReservedTrap7):<code 339> (__DefaultInterrupt)
                  0x000014          0x4 LONG 0x1d5a DEFINED (__INT0Interrupt)?<code 339> (__INT0Interrupt):<code 339> (__DefaultInterrupt)
                  0x000016          0x4 LONG 0x1d5a DEFINED (__IC1Interrupt)?<code 339> (__IC1Interrupt):<code 339> (__DefaultInterrupt)
                  0x000018          0x4 LONG 0x1d5a DEFINED (__OC1Interrupt)?<code 339> (__OC1Interrupt):<code 339> (__DefaultInterrupt)
                  0x00001a          0x4 LONG 0x1d5a DEFINED (__T1Interrupt)?<code 339> (__T1Interrupt):<code 339> (__DefaultInterrupt)
                  0x00001c          0x4 LONG 0x1d5a DEFINED (__Interrupt4)?<code 339> (__Interrupt4):<code 339> (__DefaultInterrupt)
                  0x00001e          0x4 LONG 0x1d5a DEFINED (__IC2Interrupt)?<code 339> (__IC2Interrupt):<code 339> (__DefaultInterrupt)
                  0x000020          0x4 LONG 0x1d5a DEFINED (__OC2Interrupt)?<code 339> (__OC2Interrupt):<code 339> (__DefaultInterrupt)
                  0x000022          0x4 LONG 0x1d5a DEFINED (__T2Interrupt)?<code 339> (__T2Interrupt):<code 339> (__DefaultInterrupt)
                  0x000024          0x4 LONG 0x1d5a DEFINED (__T3Interrupt)?<code 339> (__T3Interrupt):<code 339> (__DefaultInterrupt)
                  0x000026          0x4 LONG 0x1d5a DEFINED (__SPI1ErrInterrupt)?<code 339> (__SPI1ErrInterrupt):<code 339> (__DefaultInterrupt)
                  0x000028          0x4 LONG 0x1d5a DEFINED (__SPI1Interrupt)?<code 339> (__SPI1Interrupt):<code 339> (__DefaultInterrupt)
                  0x00002a          0x4 LONG 0x1d5a DEFINED (__U1RXInterrupt)?<code 339> (__U1RXInterrupt):<code 339> (__DefaultInterrupt)
                  0x00002c          0x4 LONG 0x1d5a DEFINED (__U1TXInterrupt)?<code 339> (__U1TXInterrupt):<code 339> (__DefaultInterrupt)
                  0x00002e          0x4 LONG 0x1d5a DEFINED (__ADC1Interrupt)?<code 339> (__ADC1Interrupt):<code 339> (__DefaultInterrupt)
                  0x000030          0x4 LONG 0x1d5a DEFINED (__Interrupt14)?<code 339> (__Interrupt14):<code 339> (__DefaultInterrupt)
                  0x000032          0x4 LONG 0x1d5a DEFINED (__Interrupt15)?<code 339> (__Interrupt15):<code 339> (__DefaultInterrupt)
                  0x000034          0x4 LONG 0x1d5a DEFINED (__SI2C1Interrupt)?<code 339> (__SI2C1Interrupt):<code 339> (__DefaultInterrupt)
                  0x000036          0x4 LONG 0x1d5a DEFINED (__MI2C1Interrupt)?<code 339> (__MI2C1Interrupt):<code 339> (__DefaultInterrupt)
                  0x000038          0x4 LONG 0x1d5a DEFINED (__CompInterrupt)?<code 339> (__CompInterrupt):<code 339> (__DefaultInterrupt)
                  0x00003a          0x4 LONG 0x1d5a DEFINED (__CNInterrupt)?<code 339> (__CNInterrupt):<code 339> (__DefaultInterrupt)
                  0x00003c          0x4 LONG 0x1d5a DEFINED (__INT1Interrupt)?<code 339> (__INT1Interrupt):<code 339> (__DefaultInterrupt)
                  0x00003e          0x4 LONG 0x1d5a DEFINED (__Interrupt21)?<code 339> (__Interrupt21):<code 339> (__DefaultInterrupt)
                  0x000040          0x4 LONG 0x1d5a DEFINED (__Interrupt22)?<code 339> (__Interrupt22):<code 339> (__DefaultInterrupt)
                  0x000042          0x4 LONG 0x1d5a DEFINED (__Interrupt23)?<code 339> (__Interrupt23):<code 339> (__DefaultInterrupt)
                  0x000044          0x4 LONG 0x1d5a DEFINED (__Interrupt24)?<code 339> (__Interrupt24):<code 339> (__DefaultInterrupt)
                  0x000046          0x4 LONG 0x1d5a DEFINED (__OC3Interrupt)?<code 339> (__OC3Interrupt):<code 339> (__DefaultInterrupt)
                  0x000048          0x4 LONG 0x1d5a DEFINED (__OC4Interrupt)?<code 339> (__OC4Interrupt):<code 339> (__DefaultInterrupt)
                  0x00004a          0x4 LONG 0x1d5a DEFINED (__T4Interrupt)?<code 339> (__T4Interrupt):<code 339> (__DefaultInterrupt)
                  0x00004c          0x4 LONG 0x1d5a DEFINED (__T5Interrupt)?<code 339> (__T5Interrupt):<code 339> (__DefaultInterrupt)
                  0x00004e          0x4 LONG 0x1d5a DEFINED (__INT2Interrupt)?<code 339> (__INT2Interrupt):<code 339> (__DefaultInterrupt)
                  0x000050          0x4 LONG 0x1d5a DEFINED (__U2RXInterrupt)?<code 339> (__U2RXInterrupt):<code 339> (__DefaultInterrupt)
                  0x000052          0x4 LONG 0x1d5a DEFINED (__U2TXInterrupt)?<code 339> (__U2TXInterrupt):<code 339> (__DefaultInterrupt)
                  0x000054          0x4 LONG 0x1d5a DEFINED (__SPI2ErrInterrupt)?<code 339> (__SPI2ErrInterrupt):<code 339> (__DefaultInterrupt)
                  0x000056          0x4 LONG 0x1d5a DEFINED (__SPI2Interrupt)?<code 339> (__SPI2Interrupt):<code 339> (__DefaultInterrupt)
                  0x000058          0x4 LONG 0x1d5a DEFINED (__Interrupt34)?<code 339> (__Interrupt34):<code 339> (__DefaultInterrupt)
                  0x00005a          0x4 LONG 0x1d5a DEFINED (__Interrupt35)?<code 339> (__Interrupt35):<code 339> (__DefaultInterrupt)
                  0x00005c          0x4 LONG 0x1d5a DEFINED (__Interrupt36)?<code 339> (__Interrupt36):<code 339> (__DefaultInterrupt)
                  0x00005e          0x4 LONG 0x1d5a DEFINED (__IC3Interrupt)?<code 339> (__IC3Interrupt):<code 339> (__DefaultInterrupt)
                  0x000060          0x4 LONG 0x1d5a DEFINED (__IC4Interrupt)?<code 339> (__IC4Interrupt):<code 339> (__DefaultInterrupt)
                  0x000062          0x4 LONG 0x1d5a DEFINED (__IC5Interrupt)?<code 339> (__IC5Interrupt):<code 339> (__DefaultInterrupt)
                  0x000064          0x4 LONG 0x1d5a DEFINED (__Interrupt40)?<code 339> (__Interrupt40):<code 339> (__DefaultInterrupt)
                  0x000066          0x4 LONG 0x1d5a DEFINED (__OC5Interrupt)?<code 339> (__OC5Interrupt):<code 339> (__DefaultInterrupt)
                  0x000068          0x4 LONG 0x1d5a DEFINED (__Interrupt42)?<code 339> (__Interrupt42):<code 339> (__DefaultInterrupt)
                  0x00006a          0x4 LONG 0x1d5a DEFINED (__Interrupt43)?<code 339> (__Interrupt43):<code 339> (__DefaultInterrupt)
                  0x00006c          0x4 LONG 0x1d5a DEFINED (__Interrupt44)?<code 339> (__Interrupt44):<code 339> (__DefaultInterrupt)
                  0x00006e          0x4 LONG 0x1d5a DEFINED (__PMPInterrupt)?<code 339> (__PMPInterrupt):<code 339> (__DefaultInterrupt)
                  0x000070          0x4 LONG 0x1d5a DEFINED (__Interrupt46)?<code 339> (__Interrupt46):<code 339> (__DefaultInterrupt)
                  0x000072          0x4 LONG 0x1d5a DEFINED (__Interrupt47)?<code 339> (__Interrupt47):<code 339> (__DefaultInterrupt)
                  0x000074          0x4 LONG 0x1d5a DEFINED (__Interrupt48)?<code 339> (__Interrupt48):<code 339> (__DefaultInterrupt)
                  0x000076          0x4 LONG 0x1d5a DEFINED (__SI2C2Interrupt)?<code 339> (__SI2C2Interrupt):<code 339> (__DefaultInterrupt)
                  0x000078          0x4 LONG 0x1d5a DEFINED (__MI2C2Interrupt)?<code 339> (__MI2C2Interrupt):<code 339> (__DefaultInterrupt)
                  0x00007a          0x4 LONG 0x1d5a DEFINED (__Interrupt51)?<code 339> (__Interrupt51):<code 339> (__DefaultInterrupt)
                  0x00007c          0x4 LONG 0x1d5a DEFINED (__Interrupt52)?<code 339> (__Interrupt52):<code 339> (__DefaultInterrupt)
                  0x00007e          0x4 LONG 0x1d5a DEFINED (__INT3Interrupt)?<code 339> (__INT3Interrupt):<code 339> (__DefaultInterrupt)
                  0x000080          0x4 LONG 0x1d5a DEFINED (__INT4Interrupt)?<code 339> (__INT4Interrupt):<code 339> (__DefaultInterrupt)
                  0x000082          0x4 LONG 0x1d5a DEFINED (__Interrupt55)?<code 339> (__Interrupt55):<code 339> (__DefaultInterrupt)
                  0x000084          0x4 LONG 0x1d5a DEFINED (__Interrupt56)?<code 339> (__Interrupt56):<code 339> (__DefaultInterrupt)
                  0x000086          0x4 LONG 0x1d5a DEFINED (__Interrupt57)?<code 339> (__Interrupt57):<code 339> (__DefaultInterrupt)
                  0x000088          0x4 LONG 0x1d5a DEFINED (__Interrupt58)?<code 339> (__Interrupt58):<code 339> (__DefaultInterrupt)
                  0x00008a          0x4 LONG 0x1d5a DEFINED (__Interrupt59)?<code 339> (__Interrupt59):<code 339> (__DefaultInterrupt)
                  0x00008c          0x4 LONG 0x1d5a DEFINED (__Interrupt60)?<code 339> (__Interrupt60):<code 339> (__DefaultInterrupt)
                  0x00008e          0x4 LONG 0x1d5a DEFINED (__Interrupt61)?<code 339> (__Interrupt61):<code 339> (__DefaultInterrupt)
                  0x000090          0x4 LONG 0x1d5a DEFINED (__RTCCInterrupt)?<code 339> (__RTCCInterrupt):<code 339> (__DefaultInterrupt)
                  0x000092          0x4 LONG 0x1d5a DEFINED (__Interrupt63)?<code 339> (__Interrupt63):<code 339> (__DefaultInterrupt)
                  0x000094          0x4 LONG 0x1d5a DEFINED (__Interrupt64)?<code 339> (__Interrupt64):<code 339> (__DefaultInterrupt)
                  0x000096          0x4 LONG 0x1d5a DEFINED (__U1ErrInterrupt)?<code 339> (__U1ErrInterrupt):<code 339> (__DefaultInterrupt)
                  0x000098          0x4 LONG 0x1d5a DEFINED (__U2ErrInterrupt)?<code 339> (__U2ErrInterrupt):<code 339> (__DefaultInterrupt)
                  0x00009a          0x4 LONG 0x1d5a DEFINED (__CRCInterrupt)?<code 339> (__CRCInterrupt):<code 339> (__DefaultInterrupt)
                  0x00009c          0x4 LONG 0x1d5a DEFINED (__Interrupt68)?<code 339> (__Interrupt68):<code 339> (__DefaultInterrupt)
                  0x00009e          0x4 LONG 0x1d5a DEFINED (__Interrupt69)?<code 339> (__Interrupt69):<code 339> (__DefaultInterrupt)
                  0x0000a0          0x4 LONG 0x1d5a DEFINED (__Interrupt70)?<code 339> (__Interrupt70):<code 339> (__DefaultInterrupt)
                  0x0000a2          0x4 LONG 0x1d5a DEFINED (__Interrupt71)?<code 339> (__Interrupt71):<code 339> (__DefaultInterrupt)
                  0x0000a4          0x4 LONG 0x1d5a DEFINED (__Interrupt72)?<code 339> (__Interrupt72):<code 339> (__DefaultInterrupt)
                  0x0000a6          0x4 LONG 0x1d5a DEFINED (__Interrupt73)?<code 339> (__Interrupt73):<code 339> (__DefaultInterrupt)
                  0x0000a8          0x4 LONG 0x1d5a DEFINED (__Interrupt74)?<code 339> (__Interrupt74):<code 339> (__DefaultInterrupt)
                  0x0000aa          0x4 LONG 0x1d5a DEFINED (__Interrupt75)?<code 339> (__Interrupt75):<code 339> (__DefaultInterrupt)
                  0x0000ac          0x4 LONG 0x1d5a DEFINED (__Interrupt76)?<code 339> (__Interrupt76):<code 339> (__DefaultInterrupt)
                  0x0000ae          0x4 LONG 0x1d5a DEFINED (__Interrupt77)?<code 339> (__Interrupt77):<code 339> (__DefaultInterrupt)
                  0x0000b0          0x4 LONG 0x1d5a DEFINED (__Interrupt78)?<code 339> (__Interrupt78):<code 339> (__DefaultInterrupt)
                  0x0000b2          0x4 LONG 0x1d5a DEFINED (__Interrupt79)?<code 339> (__Interrupt79):<code 339> (__DefaultInterrupt)
                  0x0000b4          0x4 LONG 0x1d5a DEFINED (__Interrupt80)?<code 339> (__Interrupt80):<code 339> (__DefaultInterrupt)
                  0x0000b6          0x4 LONG 0x1d5a DEFINED (__Interrupt81)?<code 339> (__Interrupt81):<code 339> (__DefaultInterrupt)
                  0x0000b8          0x4 LONG 0x1d5a DEFINED (__Interrupt82)?<code 339> (__Interrupt82):<code 339> (__DefaultInterrupt)
                  0x0000ba          0x4 LONG 0x1d5a DEFINED (__Interrupt83)?<code 339> (__Interrupt83):<code 339> (__DefaultInterrupt)
                  0x0000bc          0x4 LONG 0x1d5a DEFINED (__Interrupt84)?<code 339> (__Interrupt84):<code 339> (__DefaultInterrupt)
                  0x0000be          0x4 LONG 0x1d5a DEFINED (__Interrupt85)?<code 339> (__Interrupt85):<code 339> (__DefaultInterrupt)
                  0x0000c0          0x4 LONG 0x1d5a DEFINED (__Interrupt86)?<code 339> (__Interrupt86):<code 339> (__DefaultInterrupt)
                  0x0000c2          0x4 LONG 0x1d5a DEFINED (__Interrupt87)?<code 339> (__Interrupt87):<code 339> (__DefaultInterrupt)
                  0x0000c4          0x4 LONG 0x1d5a DEFINED (__Interrupt88)?<code 339> (__Interrupt88):<code 339> (__DefaultInterrupt)
                  0x0000c6          0x4 LONG 0x1d5a DEFINED (__Interrupt89)?<code 339> (__Interrupt89):<code 339> (__DefaultInterrupt)
                  0x0000c8          0x4 LONG 0x1d5a DEFINED (__Interrupt90)?<code 339> (__Interrupt90):<code 339> (__DefaultInterrupt)
                  0x0000ca          0x4 LONG 0x1d5a DEFINED (__Interrupt91)?<code 339> (__Interrupt91):<code 339> (__DefaultInterrupt)
                  0x0000cc          0x4 LONG 0x1d5a DEFINED (__Interrupt92)?<code 339> (__Interrupt92):<code 339> (__DefaultInterrupt)
                  0x0000ce          0x4 LONG 0x1d5a DEFINED (__Interrupt93)?<code 339> (__Interrupt93):<code 339> (__DefaultInterrupt)
                  0x0000d0          0x4 LONG 0x1d5a DEFINED (__Interrupt94)?<code 339> (__Interrupt94):<code 339> (__DefaultInterrupt)
                  0x0000d2          0x4 LONG 0x1d5a DEFINED (__Interrupt95)?<code 339> (__Interrupt95):<code 339> (__DefaultInterrupt)
                  0x0000d4          0x4 LONG 0x1d5a DEFINED (__Interrupt96)?<code 339> (__Interrupt96):<code 339> (__DefaultInterrupt)
                  0x0000d6          0x4 LONG 0x1d5a DEFINED (__Interrupt97)?<code 339> (__Interrupt97):<code 339> (__DefaultInterrupt)
                  0x0000d8          0x4 LONG 0x1d5a DEFINED (__Interrupt98)?<code 339> (__Interrupt98):<code 339> (__DefaultInterrupt)
                  0x0000da          0x4 LONG 0x1d5a DEFINED (__Interrupt99)?<code 339> (__Interrupt99):<code 339> (__DefaultInterrupt)
                  0x0000dc          0x4 LONG 0x1d5a DEFINED (__Interrupt100)?<code 339> (__Interrupt100):<code 339> (__DefaultInterrupt)
                  0x0000de          0x4 LONG 0x1d5a DEFINED (__Interrupt101)?<code 339> (__Interrupt101):<code 339> (__DefaultInterrupt)
                  0x0000e0          0x4 LONG 0x1d5a DEFINED (__Interrupt102)?<code 339> (__Interrupt102):<code 339> (__DefaultInterrupt)
                  0x0000e2          0x4 LONG 0x1d5a DEFINED (__Interrupt103)?<code 339> (__Interrupt103):<code 339> (__DefaultInterrupt)
                  0x0000e4          0x4 LONG 0x1d5a DEFINED (__Interrupt104)?<code 339> (__Interrupt104):<code 339> (__DefaultInterrupt)
                  0x0000e6          0x4 LONG 0x1d5a DEFINED (__Interrupt105)?<code 339> (__Interrupt105):<code 339> (__DefaultInterrupt)
                  0x0000e8          0x4 LONG 0x1d5a DEFINED (__Interrupt106)?<code 339> (__Interrupt106):<code 339> (__DefaultInterrupt)
                  0x0000ea          0x4 LONG 0x1d5a DEFINED (__Interrupt107)?<code 339> (__Interrupt107):<code 339> (__DefaultInterrupt)
                  0x0000ec          0x4 LONG 0x1d5a DEFINED (__Interrupt108)?<code 339> (__Interrupt108):<code 339> (__DefaultInterrupt)
                  0x0000ee          0x4 LONG 0x1d5a DEFINED (__Interrupt109)?<code 339> (__Interrupt109):<code 339> (__DefaultInterrupt)
                  0x0000f0          0x4 LONG 0x1d5a DEFINED (__Interrupt110)?<code 339> (__Interrupt110):<code 339> (__DefaultInterrupt)
                  0x0000f2          0x4 LONG 0x1d5a DEFINED (__Interrupt111)?<code 339> (__Interrupt111):<code 339> (__DefaultInterrupt)
                  0x0000f4          0x4 LONG 0x1d5a DEFINED (__Interrupt112)?<code 339> (__Interrupt112):<code 339> (__DefaultInterrupt)
                  0x0000f6          0x4 LONG 0x1d5a DEFINED (__Interrupt113)?<code 339> (__Interrupt113):<code 339> (__DefaultInterrupt)
                  0x0000f8          0x4 LONG 0x1d5a DEFINED (__Interrupt114)?<code 339> (__Interrupt114):<code 339> (__DefaultInterrupt)
                  0x0000fa          0x4 LONG 0x1d5a DEFINED (__Interrupt115)?<code 339> (__Interrupt115):<code 339> (__DefaultInterrupt)
                  0x0000fc          0x4 LONG 0x1d5a DEFINED (__Interrupt116)?<code 339> (__Interrupt116):<code 339> (__DefaultInterrupt)
                  0x0000fe          0x4 LONG 0x1d5a DEFINED (__Interrupt117)?<code 339> (__Interrupt117):<code 339> (__DefaultInterrupt)

.aivt             0x000104         0xfc
                  0x000104          0x4 LONG 0x1d5a DEFINED (__AltReservedTrap0)?<code 339> (__AltReservedTrap0):DEFINED (__ReservedTrap0)?<code 339> (__ReservedTrap0):<code 339> (__DefaultInterrupt)
                  0x000106          0x4 LONG 0x1d5a DEFINED (__AltOscillatorFail)?<code 339> (__AltOscillatorFail):DEFINED (__OscillatorFail)?<code 339> (__OscillatorFail):<code 339> (__DefaultInterrupt)
                  0x000108          0x4 LONG 0x1d5a DEFINED (__AltAddressError)?<code 339> (__AltAddressError):DEFINED (__AddressError)?<code 339> (__AddressError):<code 339> (__DefaultInterrupt)
                  0x00010a          0x4 LONG 0x1d5a DEFINED (__AltStackError)?<code 339> (__AltStackError):DEFINED (__StackError)?<code 339> (__StackError):<code 339> (__DefaultInterrupt)
                  0x00010c          0x4 LONG 0x1d5a DEFINED (__AltMathError)?<code 339> (__AltMathError):DEFINED (__MathError)?<code 339> (__MathError):<code 339> (__DefaultInterrupt)
                  0x00010e          0x4 LONG 0x1d5a DEFINED (__AltReservedTrap5)?<code 339> (__AltReservedTrap5):DEFINED (__ReservedTrap5)?<code 339> (__ReservedTrap5):<code 339> (__DefaultInterrupt)
                  0x000110          0x4 LONG 0x1d5a DEFINED (__AltReservedTrap6)?<code 339> (__AltReservedTrap6):DEFINED (__ReservedTrap6)?<code 339> (__ReservedTrap6):<code 339> (__DefaultInterrupt)
                  0x000112          0x4 LONG 0x1d5a DEFINED (__AltReservedTrap7)?<code 339> (__AltReservedTrap7):DEFINED (__ReservedTrap7)?<code 339> (__ReservedTrap7):<code 339> (__DefaultInterrupt)
                  0x000114          0x4 LONG 0x1d5a DEFINED (__AltINT0Interrupt)?<code 339> (__AltINT0Interrupt):DEFINED (__INT0Interrupt)?<code 339> (__INT0Interrupt):<code 339> (__DefaultInterrupt)
                  0x000116          0x4 LONG 0x1d5a DEFINED (__AltIC1Interrupt)?<code 339> (__AltIC1Interrupt):DEFINED (__IC1Interrupt)?<code 339> (__IC1Interrupt):<code 339> (__DefaultInterrupt)
                  0x000118          0x4 LONG 0x1d5a DEFINED (__AltOC1Interrupt)?<code 339> (__AltOC1Interrupt):DEFINED (__OC1Interrupt)?<code 339> (__OC1Interrupt):<code 339> (__DefaultInterrupt)
                  0x00011a          0x4 LONG 0x1d5a DEFINED (__AltT1Interrupt)?<code 339> (__AltT1Interrupt):DEFINED (__T1Interrupt)?<code 339> (__T1Interrupt):<code 339> (__DefaultInterrupt)
                  0x00011c          0x4 LONG 0x1d5a DEFINED (__AltInterrupt4)?<code 339> (__AltInterrupt4):DEFINED (__Interrupt4)?<code 339> (__Interrupt4):<code 339> (__DefaultInterrupt)
                  0x00011e          0x4 LONG 0x1d5a DEFINED (__AltIC2Interrupt)?<code 339> (__AltIC2Interrupt):DEFINED (__IC2Interrupt)?<code 339> (__IC2Interrupt):<code 339> (__DefaultInterrupt)
                  0x000120          0x4 LONG 0x1d5a DEFINED (__AltOC2Interrupt)?<code 339> (__AltOC2Interrupt):DEFINED (__OC2Interrupt)?<code 339> (__OC2Interrupt):<code 339> (__DefaultInterrupt)
                  0x000122          0x4 LONG 0x1d5a DEFINED (__AltT2Interrupt)?<code 339> (__AltT2Interrupt):DEFINED (__T2Interrupt)?<code 339> (__T2Interrupt):<code 339> (__DefaultInterrupt)
                  0x000124          0x4 LONG 0x1d5a DEFINED (__AltT3Interrupt)?<code 339> (__AltT3Interrupt):DEFINED (__T3Interrupt)?<code 339> (__T3Interrupt):<code 339> (__DefaultInterrupt)
                  0x000126          0x4 LONG 0x1d5a DEFINED (__AltSPI1ErrInterrupt)?<code 339> (__AltSPI1ErrInterrupt):DEFINED (__SPI1ErrInterrupt)?<code 339> (__SPI1ErrInterrupt):<code 339> (__DefaultInterrupt)
                  0x000128          0x4 LONG 0x1d5a DEFINED (__AltSPI1Interrupt)?<code 339> (__AltSPI1Interrupt):DEFINED (__SPI1Interrupt)?<code 339> (__SPI1Interrupt):<code 339> (__DefaultInterrupt)
                  0x00012a          0x4 LONG 0x1d5a DEFINED (__AltU1RXInterrupt)?<code 339> (__AltU1RXInterrupt):DEFINED (__U1RXInterrupt)?<code 339> (__U1RXInterrupt):<code 339> (__DefaultInterrupt)
                  0x00012c          0x4 LONG 0x1d5a DEFINED (__AltU1TXInterrupt)?<code 339> (__AltU1TXInterrupt):DEFINED (__U1TXInterrupt)?<code 339> (__U1TXInterrupt):<code 339> (__DefaultInterrupt)
                  0x00012e          0x4 LONG 0x1d5a DEFINED (__AltADC1Interrupt)?<code 339> (__AltADC1Interrupt):DEFINED (__ADC1Interrupt)?<code 339> (__ADC1Interrupt):<code 339> (__DefaultInterrupt)
                  0x000130          0x4 LONG 0x1d5a DEFINED (__AltInterrupt14)?<code 339> (__AltInterrupt14):DEFINED (__Interrupt14)?<code 339> (__Interrupt14):<code 339> (__DefaultInterrupt)
                  0x000132          0x4 LONG 0x1d5a DEFINED (__AltInterrupt15)?<code 339> (__AltInterrupt15):DEFINED (__Interrupt15)?<code 339> (__Interrupt15):<code 339> (__DefaultInterrupt)
                  0x000134          0x4 LONG 0x1d5a DEFINED (__AltSI2C1Interrupt)?<code 339> (__AltSI2C1Interrupt):DEFINED (__SI2C1Interrupt)?<code 339> (__SI2C1Interrupt):<code 339> (__DefaultInterrupt)
                  0x000136          0x4 LONG 0x1d5a DEFINED (__AltMI2C1Interrupt)?<code 339> (__AltMI2C1Interrupt):DEFINED (__MI2C1Interrupt)?<code 339> (__MI2C1Interrupt):<code 339> (__DefaultInterrupt)
                  0x000138          0x4 LONG 0x1d5a DEFINED (__AltCompInterrupt)?<code 339> (__AltCompInterrupt):DEFINED (__CompInterrupt)?<code 339> (__CompInterrupt):<code 339> (__DefaultInterrupt)
                  0x00013a          0x4 LONG 0x1d5a DEFINED (__AltCNInterrupt)?<code 339> (__AltCNInterrupt):DEFINED (__CNInterrupt)?<code 339> (__CNInterrupt):<code 339> (__DefaultInterrupt)
                  0x00013c          0x4 LONG 0x1d5a DEFINED (__AltINT1Interrupt)?<code 339> (__AltINT1Interrupt):DEFINED (__INT1Interrupt)?<code 339> (__INT1Interrupt):<code 339> (__DefaultInterrupt)
                  0x00013e          0x4 LONG 0x1d5a DEFINED (__AltInterrupt21)?<code 339> (__AltInterrupt21):DEFINED (__Interrupt21)?<code 339> (__Interrupt21):<code 339> (__DefaultInterrupt)
                  0x000140          0x4 LONG 0x1d5a DEFINED (__AltInterrupt22)?<code 339> (__AltInterrupt22):DEFINED (__Interrupt22)?<code 339> (__Interrupt22):<code 339> (__DefaultInterrupt)
                  0x000142          0x4 LONG 0x1d5a DEFINED (__AltInterrupt23)?<code 339> (__AltInterrupt23):DEFINED (__Interrupt23)?<code 339> (__Interrupt23):<code 339> (__DefaultInterrupt)
                  0x000144          0x4 LONG 0x1d5a DEFINED (__AltInterrupt24)?<code 339> (__AltInterrupt24):DEFINED (__Interrupt24)?<code 339> (__Interrupt24):<code 339> (__DefaultInterrupt)
                  0x000146          0x4 LONG 0x1d5a DEFINED (__AltOC3Interrupt)?<code 339> (__AltOC3Interrupt):DEFINED (__OC3Interrupt)?<code 339> (__OC3Interrupt):<code 339> (__DefaultInterrupt)
                  0x000148          0x4 LONG 0x1d5a DEFINED (__AltOC4Interrupt)?<code 339> (__AltOC4Interrupt):DEFINED (__OC4Interrupt)?<code 339> (__OC4Interrupt):<code 339> (__DefaultInterrupt)
                  0x00014a          0x4 LONG 0x1d5a DEFINED (__AltT4Interrupt)?<code 339> (__AltT4Interrupt):DEFINED (__T4Interrupt)?<code 339> (__T4Interrupt):<code 339> (__DefaultInterrupt)
                  0x00014c          0x4 LONG 0x1d5a DEFINED (__AltT5Interrupt)?<code 339> (__AltT5Interrupt):DEFINED (__T5Interrupt)?<code 339> (__T5Interrupt):<code 339> (__DefaultInterrupt)
                  0x00014e          0x4 LONG 0x1d5a DEFINED (__AltINT2Interrupt)?<code 339> (__AltINT2Interrupt):DEFINED (__INT2Interrupt)?<code 339> (__INT2Interrupt):<code 339> (__DefaultInterrupt)
                  0x000150          0x4 LONG 0x1d5a DEFINED (__AltU2RXInterrupt)?<code 339> (__AltU2RXInterrupt):DEFINED (__U2RXInterrupt)?<code 339> (__U2RXInterrupt):<code 339> (__DefaultInterrupt)
                  0x000152          0x4 LONG 0x1d5a DEFINED (__AltU2TXInterrupt)?<code 339> (__AltU2TXInterrupt):DEFINED (__U2TXInterrupt)?<code 339> (__U2TXInterrupt):<code 339> (__DefaultInterrupt)
                  0x000154          0x4 LONG 0x1d5a DEFINED (__AltSPI2ErrInterrupt)?<code 339> (__AltSPI2ErrInterrupt):DEFINED (__SPI2ErrInterrupt)?<code 339> (__SPI2ErrInterrupt):<code 339> (__DefaultInterrupt)
                  0x000156          0x4 LONG 0x1d5a DEFINED (__AltSPI2Interrupt)?<code 339> (__AltSPI2Interrupt):DEFINED (__SPI2Interrupt)?<code 339> (__SPI2Interrupt):<code 339> (__DefaultInterrupt)
                  0x000158          0x4 LONG 0x1d5a DEFINED (__AltInterrupt34)?<code 339> (__AltInterrupt34):DEFINED (__Interrupt34)?<code 339> (__Interrupt34):<code 339> (__DefaultInterrupt)
                  0x00015a          0x4 LONG 0x1d5a DEFINED (__AltInterrupt35)?<code 339> (__AltInterrupt35):DEFINED (__Interrupt35)?<code 339> (__Interrupt35):<code 339> (__DefaultInterrupt)
                  0x00015c          0x4 LONG 0x1d5a DEFINED (__AltInterrupt36)?<code 339> (__AltInterrupt36):DEFINED (__Interrupt36)?<code 339> (__Interrupt36):<code 339> (__DefaultInterrupt)
                  0x00015e          0x4 LONG 0x1d5a DEFINED (__AltIC3Interrupt)?<code 339> (__AltIC3Interrupt):DEFINED (__IC3Interrupt)?<code 339> (__IC3Interrupt):<code 339> (__DefaultInterrupt)
                  0x000160          0x4 LONG 0x1d5a DEFINED (__AltIC4Interrupt)?<code 339> (__AltIC4Interrupt):DEFINED (__IC4Interrupt)?<code 339> (__IC4Interrupt):<code 339> (__DefaultInterrupt)
                  0x000162          0x4 LONG 0x1d5a DEFINED (__AltIC5Interrupt)?<code 339> (__AltIC5Interrupt):DEFINED (__IC5Interrupt)?<code 339> (__IC5Interrupt):<code 339> (__DefaultInterrupt)
                  0x000164          0x4 LONG 0x1d5a DEFINED (__AltInterrupt40)?<code 339> (__AltInterrupt40):DEFINED (__Interrupt40)?<code 339> (__Interrupt40):<code 339> (__DefaultInterrupt)
                  0x000166          0x4 LONG 0x1d5a DEFINED (__AltOC5Interrupt)?<code 339> (__AltOC5Interrupt):DEFINED (__OC5Interrupt)?<code 339> (__OC5Interrupt):<code 339> (__DefaultInterrupt)
                  0x000168          0x4 LONG 0x1d5a DEFINED (__AltInterrupt42)?<code 339> (__AltInterrupt42):DEFINED (__Interrupt42)?<code 339> (__Interrupt42):<code 339> (__DefaultInterrupt)
                  0x00016a          0x4 LONG 0x1d5a DEFINED (__AltInterrupt43)?<code 339> (__AltInterrupt43):DEFINED (__Interrupt43)?<code 339> (__Interrupt43):<code 339> (__DefaultInterrupt)
                  0x00016c          0x4 LONG 0x1d5a DEFINED (__AltInterrupt44)?<code 339> (__AltInterrupt44):DEFINED (__Interrupt44)?<code 339> (__Interrupt44):<code 339> (__DefaultInterrupt)
                  0x00016e          0x4 LONG 0x1d5a DEFINED (__AltPMPInterrupt)?<code 339> (__AltPMPInterrupt):DEFINED (__PMPInterrupt)?<code 339> (__PMPInterrupt):<code 339> (__DefaultInterrupt)
                  0x000170          0x4 LONG 0x1d5a DEFINED (__AltInterrupt46)?<code 339> (__AltInterrupt46):DEFINED (__Interrupt46)?<code 339> (__Interrupt46):<code 339> (__DefaultInterrupt)
                  0x000172          0x4 LONG 0x1d5a DEFINED (__AltInterrupt47)?<code 339> (__AltInterrupt47):DEFINED (__Interrupt47)?<code 339> (__Interrupt47):<code 339> (__DefaultInterrupt)
                  0x000174          0x4 LONG 0x1d5a DEFINED (__AltInterrupt48)?<code 339> (__AltInterrupt48):DEFINED (__Interrupt48)?<code 339> (__Interrupt48):<code 339> (__DefaultInterrupt)
                  0x000176          0x4 LONG 0x1d5a DEFINED (__AltSI2C2Interrupt)?<code 339> (__AltSI2C2Interrupt):DEFINED (__SI2C2Interrupt)?<code 339> (__SI2C2Interrupt):<code 339> (__DefaultInterrupt)
                  0x000178          0x4 LONG 0x1d5a DEFINED (__AltMI2C2Interrupt)?<code 339> (__AltMI2C2Interrupt):DEFINED (__MI2C2Interrupt)?<code 339> (__MI2C2Interrupt):<code 339> (__DefaultInterrupt)
                  0x00017a          0x4 LONG 0x1d5a DEFINED (__AltInterrupt51)?<code 339> (__AltInterrupt51):DEFINED (__Interrupt51)?<code 339> (__Interrupt51):<code 339> (__DefaultInterrupt)
                  0x00017c          0x4 LONG 0x1d5a DEFINED (__AltInterrupt52)?<code 339> (__AltInterrupt52):DEFINED (__Interrupt52)?<code 339> (__Interrupt52):<code 339> (__DefaultInterrupt)
                  0x00017e          0x4 LONG 0x1d5a DEFINED (__AltINT3Interrupt)?<code 339> (__AltINT3Interrupt):DEFINED (__INT3Interrupt)?<code 339> (__INT3Interrupt):<code 339> (__DefaultInterrupt)
                  0x000180          0x4 LONG 0x1d5a DEFINED (__AltINT4Interrupt)?<code 339> (__AltINT4Interrupt):DEFINED (__INT4Interrupt)?<code 339> (__INT4Interrupt):<code 339> (__DefaultInterrupt)
                  0x000182          0x4 LONG 0x1d5a DEFINED (__AltInterrupt55)?<code 339> (__AltInterrupt55):DEFINED (__Interrupt55)?<code 339> (__Interrupt55):<code 339> (__DefaultInterrupt)
                  0x000184          0x4 LONG 0x1d5a DEFINED (__AltInterrupt56)?<code 339> (__AltInterrupt56):DEFINED (__Interrupt56)?<code 339> (__Interrupt56):<code 339> (__DefaultInterrupt)
                  0x000186          0x4 LONG 0x1d5a DEFINED (__AltInterrupt57)?<code 339> (__AltInterrupt57):DEFINED (__Interrupt57)?<code 339> (__Interrupt57):<code 339> (__DefaultInterrupt)
                  0x000188          0x4 LONG 0x1d5a DEFINED (__AltInterrupt58)?<code 339> (__AltInterrupt58):DEFINED (__Interrupt58)?<code 339> (__Interrupt58):<code 339> (__DefaultInterrupt)
                  0x00018a          0x4 LONG 0x1d5a DEFINED (__AltInterrupt59)?<code 339> (__AltInterrupt59):DEFINED (__Interrupt59)?<code 339> (__Interrupt59):<code 339> (__DefaultInterrupt)
                  0x00018c          0x4 LONG 0x1d5a DEFINED (__AltInterrupt60)?<code 339> (__AltInterrupt60):DEFINED (__Interrupt60)?<code 339> (__Interrupt60):<code 339> (__DefaultInterrupt)
                  0x00018e          0x4 LONG 0x1d5a DEFINED (__AltInterrupt61)?<code 339> (__AltInterrupt61):DEFINED (__Interrupt61)?<code 339> (__Interrupt61):<code 339> (__DefaultInterrupt)
                  0x000190          0x4 LONG 0x1d5a DEFINED (__AltRTCCInterrupt)?<code 339> (__AltRTCCInterrupt):DEFINED (__RTCCInterrupt)?<code 339> (__RTCCInterrupt):<code 339> (__DefaultInterrupt)
                  0x000192          0x4 LONG 0x1d5a DEFINED (__AltInterrupt63)?<code 339> (__AltInterrupt63):DEFINED (__Interrupt63)?<code 339> (__Interrupt63):<code 339> (__DefaultInterrupt)
                  0x000194          0x4 LONG 0x1d5a DEFINED (__AltInterrupt64)?<code 339> (__AltInterrupt64):DEFINED (__Interrupt64)?<code 339> (__Interrupt64):<code 339> (__DefaultInterrupt)
                  0x000196          0x4 LONG 0x1d5a DEFINED (__AltU1ErrInterrupt)?<code 339> (__AltU1ErrInterrupt):DEFINED (__U1ErrInterrupt)?<code 339> (__U1ErrInterrupt):<code 339> (__DefaultInterrupt)
                  0x000198          0x4 LONG 0x1d5a DEFINED (__AltU2ErrInterrupt)?<code 339> (__AltU2ErrInterrupt):DEFINED (__U2ErrInterrupt)?<code 339> (__U2ErrInterrupt):<code 339> (__DefaultInterrupt)
                  0x00019a          0x4 LONG 0x1d5a DEFINED (__AltCRCInterrupt)?<code 339> (__AltCRCInterrupt):DEFINED (__CRCInterrupt)?<code 339> (__CRCInterrupt):<code 339> (__DefaultInterrupt)
                  0x00019c          0x4 LONG 0x1d5a DEFINED (__AltInterrupt68)?<code 339> (__AltInterrupt68):DEFINED (__Interrupt68)?<code 339> (__Interrupt68):<code 339> (__DefaultInterrupt)
                  0x00019e          0x4 LONG 0x1d5a DEFINED (__AltInterrupt69)?<code 339> (__AltInterrupt69):DEFINED (__Interrupt69)?<code 339> (__Interrupt69):<code 339> (__DefaultInterrupt)
                  0x0001a0          0x4 LONG 0x1d5a DEFINED (__AltInterrupt70)?<code 339> (__AltInterrupt70):DEFINED (__Interrupt70)?<code 339> (__Interrupt70):<code 339> (__DefaultInterrupt)
                  0x0001a2          0x4 LONG 0x1d5a DEFINED (__AltInterrupt71)?<code 339> (__AltInterrupt71):DEFINED (__Interrupt71)?<code 339> (__Interrupt71):<code 339> (__DefaultInterrupt)
                  0x0001a4          0x4 LONG 0x1d5a DEFINED (__AltInterrupt72)?<code 339> (__AltInterrupt72):DEFINED (__Interrupt72)?<code 339> (__Interrupt72):<code 339> (__DefaultInterrupt)
                  0x0001a6          0x4 LONG 0x1d5a DEFINED (__AltInterrupt73)?<code 339> (__AltInterrupt73):DEFINED (__Interrupt73)?<code 339> (__Interrupt73):<code 339> (__DefaultInterrupt)
                  0x0001a8          0x4 LONG 0x1d5a DEFINED (__AltInterrupt74)?<code 339> (__AltInterrupt74):DEFINED (__Interrupt74)?<code 339> (__Interrupt74):<code 339> (__DefaultInterrupt)
                  0x0001aa          0x4 LONG 0x1d5a DEFINED (__AltInterrupt75)?<code 339> (__AltInterrupt75):DEFINED (__Interrupt75)?<code 339> (__Interrupt75):<code 339> (__DefaultInterrupt)
                  0x0001ac          0x4 LONG 0x1d5a DEFINED (__AltInterrupt76)?<code 339> (__AltInterrupt76):DEFINED (__Interrupt76)?<code 339> (__Interrupt76):<code 339> (__DefaultInterrupt)
                  0x0001ae          0x4 LONG 0x1d5a DEFINED (__AltInterrupt77)?<code 339> (__AltInterrupt77):DEFINED (__Interrupt77)?<code 339> (__Interrupt77):<code 339> (__DefaultInterrupt)
                  0x0001b0          0x4 LONG 0x1d5a DEFINED (__AltInterrupt78)?<code 339> (__AltInterrupt78):DEFINED (__Interrupt78)?<code 339> (__Interrupt78):<code 339> (__DefaultInterrupt)
                  0x0001b2          0x4 LONG 0x1d5a DEFINED (__AltInterrupt79)?<code 339> (__AltInterrupt79):DEFINED (__Interrupt79)?<code 339> (__Interrupt79):<code 339> (__DefaultInterrupt)
                  0x0001b4          0x4 LONG 0x1d5a DEFINED (__AltInterrupt80)?<code 339> (__AltInterrupt80):DEFINED (__Interrupt80)?<code 339> (__Interrupt80):<code 339> (__DefaultInterrupt)
                  0x0001b6          0x4 LONG 0x1d5a DEFINED (__AltInterrupt81)?<code 339> (__AltInterrupt81):DEFINED (__Interrupt81)?<code 339> (__Interrupt81):<code 339> (__DefaultInterrupt)
                  0x0001b8          0x4 LONG 0x1d5a DEFINED (__AltInterrupt82)?<code 339> (__AltInterrupt82):DEFINED (__Interrupt82)?<code 339> (__Interrupt82):<code 339> (__DefaultInterrupt)
                  0x0001ba          0x4 LONG 0x1d5a DEFINED (__AltInterrupt83)?<code 339> (__AltInterrupt83):DEFINED (__Interrupt83)?<code 339> (__Interrupt83):<code 339> (__DefaultInterrupt)
                  0x0001bc          0x4 LONG 0x1d5a DEFINED (__AltInterrupt84)?<code 339> (__AltInterrupt84):DEFINED (__Interrupt84)?<code 339> (__Interrupt84):<code 339> (__DefaultInterrupt)
                  0x0001be          0x4 LONG 0x1d5a DEFINED (__AltInterrupt85)?<code 339> (__AltInterrupt85):DEFINED (__Interrupt85)?<code 339> (__Interrupt85):<code 339> (__DefaultInterrupt)
                  0x0001c0          0x4 LONG 0x1d5a DEFINED (__AltInterrupt86)?<code 339> (__AltInterrupt86):DEFINED (__Interrupt86)?<code 339> (__Interrupt86):<code 339> (__DefaultInterrupt)
                  0x0001c2          0x4 LONG 0x1d5a DEFINED (__AltInterrupt87)?<code 339> (__AltInterrupt87):DEFINED (__Interrupt87)?<code 339> (__Interrupt87):<code 339> (__DefaultInterrupt)
                  0x0001c4          0x4 LONG 0x1d5a DEFINED (__AltInterrupt88)?<code 339> (__AltInterrupt88):DEFINED (__Interrupt88)?<code 339> (__Interrupt88):<code 339> (__DefaultInterrupt)
                  0x0001c6          0x4 LONG 0x1d5a DEFINED (__AltInterrupt89)?<code 339> (__AltInterrupt89):DEFINED (__Interrupt89)?<code 339> (__Interrupt89):<code 339> (__DefaultInterrupt)
                  0x0001c8          0x4 LONG 0x1d5a DEFINED (__AltInterrupt90)?<code 339> (__AltInterrupt90):DEFINED (__Interrupt90)?<code 339> (__Interrupt90):<code 339> (__DefaultInterrupt)
                  0x0001ca          0x4 LONG 0x1d5a DEFINED (__AltInterrupt91)?<code 339> (__AltInterrupt91):DEFINED (__Interrupt91)?<code 339> (__Interrupt91):<code 339> (__DefaultInterrupt)
                  0x0001cc          0x4 LONG 0x1d5a DEFINED (__AltInterrupt92)?<code 339> (__AltInterrupt92):DEFINED (__Interrupt92)?<code 339> (__Interrupt92):<code 339> (__DefaultInterrupt)
                  0x0001ce          0x4 LONG 0x1d5a DEFINED (__AltInterrupt93)?<code 339> (__AltInterrupt93):DEFINED (__Interrupt93)?<code 339> (__Interrupt93):<code 339> (__DefaultInterrupt)
                  0x0001d0          0x4 LONG 0x1d5a DEFINED (__AltInterrupt94)?<code 339> (__AltInterrupt94):DEFINED (__Interrupt94)?<code 339> (__Interrupt94):<code 339> (__DefaultInterrupt)
                  0x0001d2          0x4 LONG 0x1d5a DEFINED (__AltInterrupt95)?<code 339> (__AltInterrupt95):DEFINED (__Interrupt95)?<code 339> (__Interrupt95):<code 339> (__DefaultInterrupt)
                  0x0001d4          0x4 LONG 0x1d5a DEFINED (__AltInterrupt96)?<code 339> (__AltInterrupt96):DEFINED (__Interrupt96)?<code 339> (__Interrupt96):<code 339> (__DefaultInterrupt)
                  0x0001d6          0x4 LONG 0x1d5a DEFINED (__AltInterrupt97)?<code 339> (__AltInterrupt97):DEFINED (__Interrupt97)?<code 339> (__Interrupt97):<code 339> (__DefaultInterrupt)
                  0x0001d8          0x4 LONG 0x1d5a DEFINED (__AltInterrupt98)?<code 339> (__AltInterrupt98):DEFINED (__Interrupt98)?<code 339> (__Interrupt98):<code 339> (__DefaultInterrupt)
                  0x0001da          0x4 LONG 0x1d5a DEFINED (__AltInterrupt99)?<code 339> (__AltInterrupt99):DEFINED (__Interrupt99)?<code 339> (__Interrupt99):<code 339> (__DefaultInterrupt)
                  0x0001dc          0x4 LONG 0x1d5a DEFINED (__AltInterrupt100)?<code 339> (__AltInterrupt100):DEFINED (__Interrupt100)?<code 339> (__Interrupt100):<code 339> (__DefaultInterrupt)
                  0x0001de          0x4 LONG 0x1d5a DEFINED (__AltInterrupt101)?<code 339> (__AltInterrupt101):DEFINED (__Interrupt101)?<code 339> (__Interrupt101):<code 339> (__DefaultInterrupt)
                  0x0001e0          0x4 LONG 0x1d5a DEFINED (__AltInterrupt102)?<code 339> (__AltInterrupt102):DEFINED (__Interrupt102)?<code 339> (__Interrupt102):<code 339> (__DefaultInterrupt)
                  0x0001e2          0x4 LONG 0x1d5a DEFINED (__AltInterrupt103)?<code 339> (__AltInterrupt103):DEFINED (__Interrupt103)?<code 339> (__Interrupt103):<code 339> (__DefaultInterrupt)
                  0x0001e4          0x4 LONG 0x1d5a DEFINED (__AltInterrupt104)?<code 339> (__AltInterrupt104):DEFINED (__Interrupt104)?<code 339> (__Interrupt104):<code 339> (__DefaultInterrupt)
                  0x0001e6          0x4 LONG 0x1d5a DEFINED (__AltInterrupt105)?<code 339> (__AltInterrupt105):DEFINED (__Interrupt105)?<code 339> (__Interrupt105):<code 339> (__DefaultInterrupt)
                  0x0001e8          0x4 LONG 0x1d5a DEFINED (__AltInterrupt106)?<code 339> (__AltInterrupt106):DEFINED (__Interrupt106)?<code 339> (__Interrupt106):<code 339> (__DefaultInterrupt)
                  0x0001ea          0x4 LONG 0x1d5a DEFINED (__AltInterrupt107)?<code 339> (__AltInterrupt107):DEFINED (__Interrupt107)?<code 339> (__Interrupt107):<code 339> (__DefaultInterrupt)
                  0x0001ec          0x4 LONG 0x1d5a DEFINED (__AltInterrupt108)?<code 339> (__AltInterrupt108):DEFINED (__Interrupt108)?<code 339> (__Interrupt108):<code 339> (__DefaultInterrupt)
                  0x0001ee          0x4 LONG 0x1d5a DEFINED (__AltInterrupt109)?<code 339> (__AltInterrupt109):DEFINED (__Interrupt109)?<code 339> (__Interrupt109):<code 339> (__DefaultInterrupt)
                  0x0001f0          0x4 LONG 0x1d5a DEFINED (__AltInterrupt110)?<code 339> (__AltInterrupt110):DEFINED (__Interrupt110)?<code 339> (__Interrupt110):<code 339> (__DefaultInterrupt)
                  0x0001f2          0x4 LONG 0x1d5a DEFINED (__AltInterrupt111)?<code 339> (__AltInterrupt111):DEFINED (__Interrupt111)?<code 339> (__Interrupt111):<code 339> (__DefaultInterrupt)
                  0x0001f4          0x4 LONG 0x1d5a DEFINED (__AltInterrupt112)?<code 339> (__AltInterrupt112):DEFINED (__Interrupt112)?<code 339> (__Interrupt112):<code 339> (__DefaultInterrupt)
                  0x0001f6          0x4 LONG 0x1d5a DEFINED (__AltInterrupt113)?<code 339> (__AltInterrupt113):DEFINED (__Interrupt113)?<code 339> (__Interrupt113):<code 339> (__DefaultInterrupt)
                  0x0001f8          0x4 LONG 0x1d5a DEFINED (__AltInterrupt114)?<code 339> (__AltInterrupt114):DEFINED (__Interrupt114)?<code 339> (__Interrupt114):<code 339> (__DefaultInterrupt)
                  0x0001fa          0x4 LONG 0x1d5a DEFINED (__AltInterrupt115)?<code 339> (__AltInterrupt115):DEFINED (__Interrupt115)?<code 339> (__Interrupt115):<code 339> (__DefaultInterrupt)
                  0x0001fc          0x4 LONG 0x1d5a DEFINED (__AltInterrupt116)?<code 339> (__AltInterrupt116):DEFINED (__Interrupt116)?<code 339> (__Interrupt116):<code 339> (__DefaultInterrupt)
                  0x0001fe          0x4 LONG 0x1d5a DEFINED (__AltInterrupt117)?<code 339> (__AltInterrupt117):DEFINED (__Interrupt117)?<code 339> (__Interrupt117):<code 339> (__DefaultInterrupt)
                    0x0000                  WREG0 = 0x0
                    0x0000                  _WREG0 = 0x0
                    0x0002                  WREG1 = 0x2
                    0x0002                  _WREG1 = 0x2
                    0x0004                  WREG2 = 0x4
                    0x0004                  _WREG2 = 0x4
                    0x0006                  WREG3 = 0x6
                    0x0006                  _WREG3 = 0x6
                    0x0008                  WREG4 = 0x8
                    0x0008                  _WREG4 = 0x8
                    0x000a                  WREG5 = 0xa
                    0x000a                  _WREG5 = 0xa
                    0x000c                  WREG6 = 0xc
                    0x000c                  _WREG6 = 0xc
                    0x000e                  WREG7 = 0xe
                    0x000e                  _WREG7 = 0xe
                    0x0010                  WREG8 = 0x10
                    0x0010                  _WREG8 = 0x10
                    0x0012                  WREG9 = 0x12
                    0x0012                  _WREG9 = 0x12
                    0x0014                  WREG10 = 0x14
                    0x0014                  _WREG10 = 0x14
                    0x0016                  WREG11 = 0x16
                    0x0016                  _WREG11 = 0x16
                    0x0018                  WREG12 = 0x18
                    0x0018                  _WREG12 = 0x18
                    0x001a                  WREG13 = 0x1a
                    0x001a                  _WREG13 = 0x1a
                    0x001c                  WREG14 = 0x1c
                    0x001c                  _WREG14 = 0x1c
                    0x001e                  WREG15 = 0x1e
                    0x001e                  _WREG15 = 0x1e
                    0x0020                  SPLIM = 0x20
                    0x0020                  _SPLIM = 0x20
                    0x002e                  PCL = 0x2e
                    0x002e                  _PCL = 0x2e
                    0x0030                  PCH = 0x30
                    0x0030                  _PCH = 0x30
                    0x0032                  TBLPAG = 0x32
                    0x0032                  _TBLPAG = 0x32
                    0x0034                  PSVPAG = 0x34
                    0x0034                  _PSVPAG = 0x34
                    0x0036                  RCOUNT = 0x36
                    0x0036                  _RCOUNT = 0x36
                    0x0042                  SR = 0x42
                    0x0042                  _SR = 0x42
                    0x0042                  _SRbits = 0x42
                    0x0044                  CORCON = 0x44
                    0x0044                  _CORCON = 0x44
                    0x0044                  _CORCONbits = 0x44
                    0x0052                  DISICNT = 0x52
                    0x0052                  _DISICNT = 0x52
                    0x0060                  CNEN1 = 0x60
                    0x0060                  _CNEN1 = 0x60
                    0x0060                  _CNEN1bits = 0x60
                    0x0062                  CNEN2 = 0x62
                    0x0062                  _CNEN2 = 0x62
                    0x0062                  _CNEN2bits = 0x62
                    0x0068                  CNPU1 = 0x68
                    0x0068                  _CNPU1 = 0x68
                    0x0068                  _CNPU1bits = 0x68
                    0x006a                  CNPU2 = 0x6a
                    0x006a                  _CNPU2 = 0x6a
                    0x006a                  _CNPU2bits = 0x6a
                    0x0080                  INTCON1 = 0x80
                    0x0080                  _INTCON1 = 0x80
                    0x0080                  _INTCON1bits = 0x80
                    0x0082                  INTCON2 = 0x82
                    0x0082                  _INTCON2 = 0x82
                    0x0082                  _INTCON2bits = 0x82
                    0x0084                  IFS0 = 0x84
                    0x0084                  _IFS0 = 0x84
                    0x0084                  _IFS0bits = 0x84
                    0x0086                  IFS1 = 0x86
                    0x0086                  _IFS1 = 0x86
                    0x0086                  _IFS1bits = 0x86
                    0x0088                  IFS2 = 0x88
                    0x0088                  _IFS2 = 0x88
                    0x0088                  _IFS2bits = 0x88
                    0x008a                  IFS3 = 0x8a
                    0x008a                  _IFS3 = 0x8a
                    0x008a                  _IFS3bits = 0x8a
                    0x008c                  IFS4 = 0x8c
                    0x008c                  _IFS4 = 0x8c
                    0x008c                  _IFS4bits = 0x8c
                    0x0094                  IEC0 = 0x94
                    0x0094                  _IEC0 = 0x94
                    0x0094                  _IEC0bits = 0x94
                    0x0096                  IEC1 = 0x96
                    0x0096                  _IEC1 = 0x96
                    0x0096                  _IEC1bits = 0x96
                    0x0098                  IEC2 = 0x98
                    0x0098                  _IEC2 = 0x98
                    0x0098                  _IEC2bits = 0x98
                    0x009a                  IEC3 = 0x9a
                    0x009a                  _IEC3 = 0x9a
                    0x009a                  _IEC3bits = 0x9a
                    0x009c                  IEC4 = 0x9c
                    0x009c                  _IEC4 = 0x9c
                    0x009c                  _IEC4bits = 0x9c
                    0x00a4                  IPC0 = 0xa4
                    0x00a4                  _IPC0 = 0xa4
                    0x00a4                  _IPC0bits = 0xa4
                    0x00a6                  IPC1 = 0xa6
                    0x00a6                  _IPC1 = 0xa6
                    0x00a6                  _IPC1bits = 0xa6
                    0x00a8                  IPC2 = 0xa8
                    0x00a8                  _IPC2 = 0xa8
                    0x00a8                  _IPC2bits = 0xa8
                    0x00aa                  IPC3 = 0xaa
                    0x00aa                  _IPC3 = 0xaa
                    0x00aa                  _IPC3bits = 0xaa
                    0x00ac                  IPC4 = 0xac
                    0x00ac                  _IPC4 = 0xac
                    0x00ac                  _IPC4bits = 0xac
                    0x00ae                  IPC5 = 0xae
                    0x00ae                  _IPC5 = 0xae
                    0x00ae                  _IPC5bits = 0xae
                    0x00b0                  IPC6 = 0xb0
                    0x00b0                  _IPC6 = 0xb0
                    0x00b0                  _IPC6bits = 0xb0
                    0x00b2                  IPC7 = 0xb2
                    0x00b2                  _IPC7 = 0xb2
                    0x00b2                  _IPC7bits = 0xb2
                    0x00b4                  IPC8 = 0xb4
                    0x00b4                  _IPC8 = 0xb4
                    0x00b4                  _IPC8bits = 0xb4
                    0x00b6                  IPC9 = 0xb6
                    0x00b6                  _IPC9 = 0xb6
                    0x00b6                  _IPC9bits = 0xb6
                    0x00b8                  IPC10 = 0xb8
                    0x00b8                  _IPC10 = 0xb8
                    0x00b8                  _IPC10bits = 0xb8
                    0x00ba                  IPC11 = 0xba
                    0x00ba                  _IPC11 = 0xba
                    0x00ba                  _IPC11bits = 0xba
                    0x00bc                  IPC12 = 0xbc
                    0x00bc                  _IPC12 = 0xbc
                    0x00bc                  _IPC12bits = 0xbc
                    0x00be                  IPC13 = 0xbe
                    0x00be                  _IPC13 = 0xbe
                    0x00be                  _IPC13bits = 0xbe
                    0x00c2                  IPC15 = 0xc2
                    0x00c2                  _IPC15 = 0xc2
                    0x00c2                  _IPC15bits = 0xc2
                    0x00c4                  IPC16 = 0xc4
                    0x00c4                  _IPC16 = 0xc4
                    0x00c4                  _IPC16bits = 0xc4
                    0x0100                  TMR1 = 0x100
                    0x0100                  _TMR1 = 0x100
                    0x0102                  PR1 = 0x102
                    0x0102                  _PR1 = 0x102
                    0x0104                  T1CON = 0x104
                    0x0104                  _T1CON = 0x104
                    0x0104                  _T1CONbits = 0x104
                    0x0106                  TMR2 = 0x106
                    0x0106                  _TMR2 = 0x106
                    0x0108                  TMR3HLD = 0x108
                    0x0108                  _TMR3HLD = 0x108
                    0x010a                  TMR3 = 0x10a
                    0x010a                  _TMR3 = 0x10a
                    0x010c                  PR2 = 0x10c
                    0x010c                  _PR2 = 0x10c
                    0x010e                  PR3 = 0x10e
                    0x010e                  _PR3 = 0x10e
                    0x0110                  T2CON = 0x110
                    0x0110                  _T2CON = 0x110
                    0x0110                  _T2CONbits = 0x110
                    0x0112                  T3CON = 0x112
                    0x0112                  _T3CON = 0x112
                    0x0112                  _T3CONbits = 0x112
                    0x0114                  TMR4 = 0x114
                    0x0114                  _TMR4 = 0x114
                    0x0116                  TMR5HLD = 0x116
                    0x0116                  _TMR5HLD = 0x116
                    0x0118                  TMR5 = 0x118
                    0x0118                  _TMR5 = 0x118
                    0x011a                  PR4 = 0x11a
                    0x011a                  _PR4 = 0x11a
                    0x011c                  PR5 = 0x11c
                    0x011c                  _PR5 = 0x11c
                    0x011e                  T4CON = 0x11e
                    0x011e                  _T4CON = 0x11e
                    0x011e                  _T4CONbits = 0x11e
                    0x0120                  T5CON = 0x120
                    0x0120                  _T5CON = 0x120
                    0x0120                  _T5CONbits = 0x120
                    0x0140                  IC1BUF = 0x140
                    0x0140                  _IC1BUF = 0x140
                    0x0142                  IC1CON = 0x142
                    0x0142                  _IC1CON = 0x142
                    0x0142                  _IC1CONbits = 0x142
                    0x0144                  IC2BUF = 0x144
                    0x0144                  _IC2BUF = 0x144
                    0x0146                  IC2CON = 0x146
                    0x0146                  _IC2CON = 0x146
                    0x0146                  _IC2CONbits = 0x146
                    0x0148                  IC3BUF = 0x148
                    0x0148                  _IC3BUF = 0x148
                    0x014a                  IC3CON = 0x14a
                    0x014a                  _IC3CON = 0x14a
                    0x014a                  _IC3CONbits = 0x14a
                    0x014c                  IC4BUF = 0x14c
                    0x014c                  _IC4BUF = 0x14c
                    0x014e                  IC4CON = 0x14e
                    0x014e                  _IC4CON = 0x14e
                    0x014e                  _IC4CONbits = 0x14e
                    0x0150                  IC5BUF = 0x150
                    0x0150                  _IC5BUF = 0x150
                    0x0152                  IC5CON = 0x152
                    0x0152                  _IC5CON = 0x152
                    0x0152                  _IC5CONbits = 0x152
                    0x0180                  OC1RS = 0x180
                    0x0180                  _OC1RS = 0x180
                    0x0182                  OC1R = 0x182
                    0x0182                  _OC1R = 0x182
                    0x0184                  OC1CON = 0x184
                    0x0184                  _OC1CON = 0x184
                    0x0184                  _OC1CONbits = 0x184
                    0x0186                  OC2RS = 0x186
                    0x0186                  _OC2RS = 0x186
                    0x0188                  OC2R = 0x188
                    0x0188                  _OC2R = 0x188
                    0x018a                  OC2CON = 0x18a
                    0x018a                  _OC2CON = 0x18a
                    0x018a                  _OC2CONbits = 0x18a
                    0x018c                  OC3RS = 0x18c
                    0x018c                  _OC3RS = 0x18c
                    0x018e                  OC3R = 0x18e
                    0x018e                  _OC3R = 0x18e
                    0x0190                  OC3CON = 0x190
                    0x0190                  _OC3CON = 0x190
                    0x0190                  _OC3CONbits = 0x190
                    0x0192                  OC4RS = 0x192
                    0x0192                  _OC4RS = 0x192
                    0x0194                  OC4R = 0x194
                    0x0194                  _OC4R = 0x194
                    0x0196                  OC4CON = 0x196
                    0x0196                  _OC4CON = 0x196
                    0x0196                  _OC4CONbits = 0x196
                    0x0198                  OC5RS = 0x198
                    0x0198                  _OC5RS = 0x198
                    0x019a                  OC5R = 0x19a
                    0x019a                  _OC5R = 0x19a
                    0x019c                  OC5CON = 0x19c
                    0x019c                  _OC5CON = 0x19c
                    0x019c                  _OC5CONbits = 0x19c
                    0x0200                  I2C1RCV = 0x200
                    0x0200                  _I2C1RCV = 0x200
                    0x0202                  I2C1TRN = 0x202
                    0x0202                  _I2C1TRN = 0x202
                    0x0204                  I2C1BRG = 0x204
                    0x0204                  _I2C1BRG = 0x204
                    0x0206                  I2C1CON = 0x206
                    0x0206                  _I2C1CON = 0x206
                    0x0206                  _I2C1CONbits = 0x206
                    0x0208                  I2C1STAT = 0x208
                    0x0208                  _I2C1STAT = 0x208
                    0x0208                  _I2C1STATbits = 0x208
                    0x020a                  I2C1ADD = 0x20a
                    0x020a                  _I2C1ADD = 0x20a
                    0x020c                  I2C1MSK = 0x20c
                    0x020c                  _I2C1MSK = 0x20c
                    0x0210                  I2C2RCV = 0x210
                    0x0210                  _I2C2RCV = 0x210
                    0x0212                  I2C2TRN = 0x212
                    0x0212                  _I2C2TRN = 0x212
                    0x0214                  I2C2BRG = 0x214
                    0x0214                  _I2C2BRG = 0x214
                    0x0216                  I2C2CON = 0x216
                    0x0216                  _I2C2CON = 0x216
                    0x0216                  _I2C2CONbits = 0x216
                    0x0218                  I2C2STAT = 0x218
                    0x0218                  _I2C2STAT = 0x218
                    0x0218                  _I2C2STATbits = 0x218
                    0x021a                  I2C2ADD = 0x21a
                    0x021a                  _I2C2ADD = 0x21a
                    0x021c                  I2C2MSK = 0x21c
                    0x021c                  _I2C2MSK = 0x21c
                    0x0220                  U1MODE = 0x220
                    0x0220                  _U1MODE = 0x220
                    0x0220                  _U1MODEbits = 0x220
                    0x0222                  U1STA = 0x222
                    0x0222                  _U1STA = 0x222
                    0x0222                  _U1STAbits = 0x222
                    0x0224                  U1TXREG = 0x224
                    0x0224                  _U1TXREG = 0x224
                    0x0226                  U1RXREG = 0x226
                    0x0226                  _U1RXREG = 0x226
                    0x0228                  U1BRG = 0x228
                    0x0228                  _U1BRG = 0x228
                    0x0230                  U2MODE = 0x230
                    0x0230                  _U2MODE = 0x230
                    0x0230                  _U2MODEbits = 0x230
                    0x0232                  U2STA = 0x232
                    0x0232                  _U2STA = 0x232
                    0x0232                  _U2STAbits = 0x232
                    0x0234                  U2TXREG = 0x234
                    0x0234                  _U2TXREG = 0x234
                    0x0236                  U2RXREG = 0x236
                    0x0236                  _U2RXREG = 0x236
                    0x0238                  U2BRG = 0x238
                    0x0238                  _U2BRG = 0x238
                    0x0240                  SPI1STAT = 0x240
                    0x0240                  _SPI1STAT = 0x240
                    0x0240                  _SPI1STATbits = 0x240
                    0x0242                  SPI1CON1 = 0x242
                    0x0242                  _SPI1CON1 = 0x242
                    0x0242                  _SPI1CON1bits = 0x242
                    0x0244                  SPI1CON2 = 0x244
                    0x0244                  _SPI1CON2 = 0x244
                    0x0244                  _SPI1CON2bits = 0x244
                    0x0248                  SPI1BUF = 0x248
                    0x0248                  _SPI1BUF = 0x248
                    0x0260                  SPI2STAT = 0x260
                    0x0260                  _SPI2STAT = 0x260
                    0x0260                  _SPI2STATbits = 0x260
                    0x0262                  SPI2CON1 = 0x262
                    0x0262                  _SPI2CON1 = 0x262
                    0x0262                  _SPI2CON1bits = 0x262
                    0x0264                  SPI2CON2 = 0x264
                    0x0264                  _SPI2CON2 = 0x264
                    0x0264                  _SPI2CON2bits = 0x264
                    0x0268                  SPI2BUF = 0x268
                    0x0268                  _SPI2BUF = 0x268
                    0x02c0                  TRISA = 0x2c0
                    0x02c0                  _TRISA = 0x2c0
                    0x02c0                  _TRISAbits = 0x2c0
                    0x02c2                  PORTA = 0x2c2
                    0x02c2                  _PORTA = 0x2c2
                    0x02c2                  _PORTAbits = 0x2c2
                    0x02c4                  LATA = 0x2c4
                    0x02c4                  _LATA = 0x2c4
                    0x02c4                  _LATAbits = 0x2c4
                    0x02c6                  TRISB = 0x2c6
                    0x02c6                  _TRISB = 0x2c6
                    0x02c6                  _TRISBbits = 0x2c6
                    0x02c8                  PORTB = 0x2c8
                    0x02c8                  _PORTB = 0x2c8
                    0x02c8                  _PORTBbits = 0x2c8
                    0x02ca                  LATB = 0x2ca
                    0x02ca                  _LATB = 0x2ca
                    0x02ca                  _LATBbits = 0x2ca
                    0x02cc                  TRISC = 0x2cc
                    0x02cc                  _TRISC = 0x2cc
                    0x02cc                  _TRISCbits = 0x2cc
                    0x02ce                  PORTC = 0x2ce
                    0x02ce                  _PORTC = 0x2ce
                    0x02ce                  _PORTCbits = 0x2ce
                    0x02d0                  LATC = 0x2d0
                    0x02d0                  _LATC = 0x2d0
                    0x02d0                  _LATCbits = 0x2d0
                    0x02d2                  TRISD = 0x2d2
                    0x02d2                  _TRISD = 0x2d2
                    0x02d2                  _TRISDbits = 0x2d2
                    0x02d4                  PORTD = 0x2d4
                    0x02d4                  _PORTD = 0x2d4
                    0x02d4                  _PORTDbits = 0x2d4
                    0x02d6                  LATD = 0x2d6
                    0x02d6                  _LATD = 0x2d6
                    0x02d6                  _LATDbits = 0x2d6
                    0x02d8                  TRISE = 0x2d8
                    0x02d8                  _TRISE = 0x2d8
                    0x02d8                  _TRISEbits = 0x2d8
                    0x02da                  PORTE = 0x2da
                    0x02da                  _PORTE = 0x2da
                    0x02da                  _PORTEbits = 0x2da
                    0x02dc                  LATE = 0x2dc
                    0x02dc                  _LATE = 0x2dc
                    0x02dc                  _LATEbits = 0x2dc
                    0x02de                  TRISF = 0x2de
                    0x02de                  _TRISF = 0x2de
                    0x02de                  _TRISFbits = 0x2de
                    0x02e0                  PORTF = 0x2e0
                    0x02e0                  _PORTF = 0x2e0
                    0x02e0                  _PORTFbits = 0x2e0
                    0x02e2                  LATF = 0x2e2
                    0x02e2                  _LATF = 0x2e2
                    0x02e2                  _LATFbits = 0x2e2
                    0x02e4                  TRISG = 0x2e4
                    0x02e4                  _TRISG = 0x2e4
                    0x02e4                  _TRISGbits = 0x2e4
                    0x02e6                  PORTG = 0x2e6
                    0x02e6                  _PORTG = 0x2e6
                    0x02e6                  _PORTGbits = 0x2e6
                    0x02e8                  LATG = 0x2e8
                    0x02e8                  _LATG = 0x2e8
                    0x02e8                  _LATGbits = 0x2e8
                    0x02fc                  PADCFG1 = 0x2fc
                    0x02fc                  _PADCFG1 = 0x2fc
                    0x02fc                  _PADCFG1bits = 0x2fc
                    0x0300                  ADC1BUF0 = 0x300
                    0x0300                  _ADC1BUF0 = 0x300
                    0x0302                  ADC1BUF1 = 0x302
                    0x0302                  _ADC1BUF1 = 0x302
                    0x0304                  ADC1BUF2 = 0x304
                    0x0304                  _ADC1BUF2 = 0x304
                    0x0306                  ADC1BUF3 = 0x306
                    0x0306                  _ADC1BUF3 = 0x306
                    0x0308                  ADC1BUF4 = 0x308
                    0x0308                  _ADC1BUF4 = 0x308
                    0x030a                  ADC1BUF5 = 0x30a
                    0x030a                  _ADC1BUF5 = 0x30a
                    0x030c                  ADC1BUF6 = 0x30c
                    0x030c                  _ADC1BUF6 = 0x30c
                    0x030e                  ADC1BUF7 = 0x30e
                    0x030e                  _ADC1BUF7 = 0x30e
                    0x0310                  ADC1BUF8 = 0x310
                    0x0310                  _ADC1BUF8 = 0x310
                    0x0312                  ADC1BUF9 = 0x312
                    0x0312                  _ADC1BUF9 = 0x312
                    0x0314                  ADC1BUFA = 0x314
                    0x0314                  _ADC1BUFA = 0x314
                    0x0316                  ADC1BUFB = 0x316
                    0x0316                  _ADC1BUFB = 0x316
                    0x0318                  ADC1BUFC = 0x318
                    0x0318                  _ADC1BUFC = 0x318
                    0x031a                  ADC1BUFD = 0x31a
                    0x031a                  _ADC1BUFD = 0x31a
                    0x031c                  ADC1BUFE = 0x31c
                    0x031c                  _ADC1BUFE = 0x31c
                    0x031e                  ADC1BUFF = 0x31e
                    0x031e                  _ADC1BUFF = 0x31e
                    0x0320                  AD1CON1 = 0x320
                    0x0320                  _AD1CON1 = 0x320
                    0x0320                  _AD1CON1bits = 0x320
                    0x0322                  AD1CON2 = 0x322
                    0x0322                  _AD1CON2 = 0x322
                    0x0322                  _AD1CON2bits = 0x322
                    0x0324                  AD1CON3 = 0x324
                    0x0324                  _AD1CON3 = 0x324
                    0x0324                  _AD1CON3bits = 0x324
                    0x0328                  AD1CHS = 0x328
                    0x0328                  _AD1CHS = 0x328
                    0x0328                  _AD1CHSbits = 0x328
                    0x032c                  AD1PCFG = 0x32c
                    0x032c                  _AD1PCFG = 0x32c
                    0x032c                  _AD1PCFGbits = 0x32c
                    0x0330                  AD1CSSL = 0x330
                    0x0330                  _AD1CSSL = 0x330
                    0x0330                  _AD1CSSLbits = 0x330
                    0x0600                  PMCON = 0x600
                    0x0600                  _PMCON = 0x600
                    0x0600                  _PMCONbits = 0x600
                    0x0602                  PMMODE = 0x602
                    0x0602                  _PMMODE = 0x602
                    0x0602                  _PMMODEbits = 0x602
                    0x0604                  PMADDR = 0x604
                    0x0604                  _PMADDR = 0x604
                    0x0604                  _PMADDRbits = 0x604
                    0x0604                  PMDOUT1 = 0x604
                    0x0604                  _PMDOUT1 = 0x604
                    0x0604                  _PMDOUT1bits = 0x604
                    0x0606                  PMDOUT2 = 0x606
                    0x0606                  _PMDOUT2 = 0x606
                    0x0608                  PMDIN1 = 0x608
                    0x0608                  _PMDIN1 = 0x608
                    0x060a                  PMDIN2 = 0x60a
                    0x060a                  _PMDIN2 = 0x60a
                    0x060c                  PMAEN = 0x60c
                    0x060c                  _PMAEN = 0x60c
                    0x060c                  _PMAENbits = 0x60c
                    0x060e                  PMSTAT = 0x60e
                    0x060e                  _PMSTAT = 0x60e
                    0x060e                  _PMSTATbits = 0x60e
                    0x0620                  ALRMVAL = 0x620
                    0x0620                  _ALRMVAL = 0x620
                    0x0622                  ALCFGRPT = 0x622
                    0x0622                  _ALCFGRPT = 0x622
                    0x0622                  _ALCFGRPTbits = 0x622
                    0x0624                  RTCVAL = 0x624
                    0x0624                  _RTCVAL = 0x624
                    0x0626                  RCFGCAL = 0x626
                    0x0626                  _RCFGCAL = 0x626
                    0x0626                  _RCFGCALbits = 0x626
                    0x0630                  CMCON = 0x630
                    0x0630                  _CMCON = 0x630
                    0x0630                  _CMCONbits = 0x630
                    0x0632                  CVRCON = 0x632
                    0x0632                  _CVRCON = 0x632
                    0x0632                  _CVRCONbits = 0x632
                    0x0640                  CRCCON = 0x640
                    0x0640                  _CRCCON = 0x640
                    0x0640                  _CRCCONbits = 0x640
                    0x0642                  CRCXOR = 0x642
                    0x0642                  _CRCXOR = 0x642
                    0x0642                  _CRCXORbits = 0x642
                    0x0644                  CRCDAT = 0x644
                    0x0644                  _CRCDAT = 0x644
                    0x0646                  CRCWDAT = 0x646
                    0x0646                  _CRCWDAT = 0x646
                    0x06c0                  ODCA = 0x6c0
                    0x06c0                  _ODCA = 0x6c0
                    0x06c0                  _ODCAbits = 0x6c0
                    0x06c6                  ODCB = 0x6c6
                    0x06c6                  _ODCB = 0x6c6
                    0x06c6                  _ODCBbits = 0x6c6
                    0x06cc                  ODCC = 0x6cc
                    0x06cc                  _ODCC = 0x6cc
                    0x06cc                  _ODCCbits = 0x6cc
                    0x06d2                  ODCD = 0x6d2
                    0x06d2                  _ODCD = 0x6d2
                    0x06d2                  _ODCDbits = 0x6d2
                    0x06d8                  ODCE = 0x6d8
                    0x06d8                  _ODCE = 0x6d8
                    0x06d8                  _ODCEbits = 0x6d8
                    0x06de                  ODCF = 0x6de
                    0x06de                  _ODCF = 0x6de
                    0x06de                  _ODCFbits = 0x6de
                    0x06e4                  ODCG = 0x6e4
                    0x06e4                  _ODCG = 0x6e4
                    0x06e4                  _ODCGbits = 0x6e4
                    0x0740                  RCON = 0x740
                    0x0740                  _RCON = 0x740
                    0x0740                  _RCONbits = 0x740
                    0x0742                  OSCCON = 0x742
                    0x0742                  _OSCCON = 0x742
                    0x0742                  _OSCCONbits = 0x742
                    0x0742                  OSCCONL = 0x742
                    0x0742                  _OSCCONL = 0x742
                    0x0743                  OSCCONH = 0x743
                    0x0743                  _OSCCONH = 0x743
                    0x0744                  CLKDIV = 0x744
                    0x0744                  _CLKDIV = 0x744
                    0x0744                  _CLKDIVbits = 0x744
                    0x0748                  OSCTUN = 0x748
                    0x0748                  _OSCTUN = 0x748
                    0x0748                  _OSCTUNbits = 0x748
                    0x0760                  NVMCON = 0x760
                    0x0760                  _NVMCON = 0x760
                    0x0760                  _NVMCONbits = 0x760
                    0x0766                  NVMKEY = 0x766
                    0x0766                  _NVMKEY = 0x766
                    0x0770                  PMD1 = 0x770
                    0x0770                  _PMD1 = 0x770
                    0x0770                  _PMD1bits = 0x770
                    0x0772                  PMD2 = 0x772
                    0x0772                  _PMD2 = 0x772
                    0x0772                  _PMD2bits = 0x772
                    0x0774                  PMD3 = 0x774
                    0x0774                  _PMD3 = 0x774
                    0x0774                  _PMD3bits = 0x774
                    0x0140                  IC1 = 0x140
                    0x0140                  _IC1 = 0x140
                    0x0144                  IC2 = 0x144
                    0x0144                  _IC2 = 0x144
                    0x0148                  IC3 = 0x148
                    0x0148                  _IC3 = 0x148
                    0x014c                  IC4 = 0x14c
                    0x014c                  _IC4 = 0x14c
                    0x0150                  IC5 = 0x150
                    0x0150                  _IC5 = 0x150
                    0x0180                  OC1 = 0x180
                    0x0180                  _OC1 = 0x180
                    0x0186                  OC2 = 0x186
                    0x0186                  _OC2 = 0x186
                    0x018c                  OC3 = 0x18c
                    0x018c                  _OC3 = 0x18c
                    0x0192                  OC4 = 0x192
                    0x0192                  _OC4 = 0x192
                    0x0198                  OC5 = 0x198
                    0x0198                  _OC5 = 0x198
                    0x0240                  SPI1 = 0x240
                    0x0240                  _SPI1 = 0x240
                    0x0260                  SPI2 = 0x260
                    0x0260                  _SPI2 = 0x260
                    0x0220                  UART1 = 0x220
                    0x0220                  _UART1 = 0x220
                    0x0230                  UART2 = 0x230
                    0x0230                  _UART2 = 0x230
                    0x0001                  __MPLAB_BUILD = 0x1
                    0x0001                  __MPLAB_DEBUG = 0x1
                    0x0001                  __MPLAB_DEBUGGER_PICKIT2 = 0x1
                    0x0001                  __ICD2RAM = 0x1
START GROUP
LOAD c:/program files/microchip/mplab c30/bin/bin/../../lib\libpic30-coff.a
LOAD c:/program files/microchip/mplab c30/bin/bin/../../lib\libm-coff.a
LOAD c:/program files/microchip/mplab c30/bin/bin/../../lib\libc-coff.a
END GROUP
OUTPUT(main.cof coff-pic30)
LOAD data_init
LOAD default_isr

__c30_signature
                  0x000000         0x54
 __c30_signature
                  0x000000          0x6 adc.o
 __c30_signature
                  0x000006          0x6 banner.o
 __c30_signature
                  0x00000c          0x6 buttons.o
 __c30_signature
                  0x000012          0x6 eeprom.o
 __c30_signature
                  0x000018          0x6 iomapping.o
 __c30_signature
                  0x00001e          0x6 lcd.o
 __c30_signature
                  0x000024          0x6 LEDstart.o
 __c30_signature
                  0x00002a          0x6 PIC24ExplDemo.o
 __c30_signature
                  0x000030          0x6 rtcc.o
 __c30_signature
                  0x000036          0x6 spimpol.o
 __c30_signature
                  0x00003c          0x6 tbanner.o
 __c30_signature
                  0x000042          0x6 timer.o
 __c30_signature
                  0x000048          0x6 uart2.o
 __c30_signature
                  0x00004e          0x6 vbanner.o

.ndata              0x0850         0x84
 .ndata             0x0850         0x44 banner.o
                    0x0850                  _pBannersArray
 .ndata             0x0894         0x20 adc.o
                    0x0894                  _voltage_str
                    0x08a4                  _temperature_str
 .ndata             0x08b4         0x20 rtcc.o
                    0x08b4                  _time_str
                    0x08c4                  _date_str

.nbss               0x08d4         0x50
 .nbss              0x08d4         0x12 rtcc.o
                    0x08d4                  _time
                    0x08dc                  _time_chk
                    0x08e4                  _rtcc_flag
 .nbss              0x08e6          0xe buttons.o
                    0x08e6                  _button_press
                    0x08e8                  _b1_cnt
                    0x08e9                  _b2_cnt
                    0x08ea                  _b3_cnt
                    0x08eb                  _b4_cnt
                    0x08ec                  b1tris
                    0x08ee                  b2tris
                    0x08f0                  b3tris
                    0x08f2                  b4tris
 .nbss              0x08f4          0xc adc.o
                    0x08f4                  _uADCState
                    0x08f6                  _uADCWait
                    0x08f8                  _uADCCelsiusWait
                    0x08fa                  _uADCCelsius
                    0x08fc                  _uADCTemperature
                    0x08fe                  _uADCFromMemory
 .nbss              0x0900          0xc tbanner.o
                    0x0900                  _uTBannerState
                    0x0902                  _pTBanner
                    0x0904                  _uTBannerLen
                    0x0906                  _uTBannerCharWait
                    0x0908                  _uTBannerBlinkWait
                    0x090a                  _uTBannerCurPos
 .nbss              0x090c          0xa banner.o
                    0x090c                  _uBannerNum
                    0x090d                  _uBannerState
                    0x090e                  _pBanner
                    0x0910                  _uBannerLen
                    0x0912                  _uBannerWait
                    0x0914                  _uBannerCharWait
 .nbss              0x0916          0x8 vbanner.o
                    0x0916                  _uVBannerState
                    0x0918                  _pVBanner
                    0x091a                  _uVBannerLen
                    0x091c                  _uVBannerCharWait
 .nbss              0x091e          0x4 lcd.o
                    0x091e                  _uLCDloops
                    0x0920                  _uLCDchar
                    0x0921                  _uLCDstate
 .nbss              0x0922          0x2 PIC24ExplDemo.o
                    0x0922                  _display_state

.ndata              0x0924          0x2
 .ndata             0x0924          0x2 tbanner.o
                    0x0924                  _uTBannerBlink
                    0x0925                  _uTBannerSetup

.const              0x82b0        0x3d8 load address 0x0002b0  
 .const             0x82b0        0x3b2 banner.o
                    0x82b0                  _BLANK
                    0x82c0                  _LCD1
                    0x82d0                  _LCD2
                    0x82e0                  _VBAT1
                    0x82f0                  _VBAT2
                    0x8300                  _DMA1
                    0x8310                  _DMA2
                    0x8320                  _RTVBAT1
                    0x8330                  _RTVBAT2
                    0x8340                  _EEPMP1
                    0x8350                  _EEPMP2
                    0x8360                  _MCHP1
                    0x8370                  _MCHP2
                    0x8380                  _PART1
                    0x8390                  _PART2
                    0x83a0                  _COPYRIGHT1
                    0x83b0                  _COPYRIGHT2
                    0x83c0                  _16BIT1
                    0x83d0                  _16BIT2
                    0x83e0                  _OP_SPEED
                    0x83f0                  _OP_VOLTAGE
                    0x8400                  _FEATURES
                    0x8410                  _FEATURES1
                    0x8420                  _NEW_FEATURES1
                    0x8430                  _NEW_FEATURES2
                    0x8440                  _SPI
                    0x8450                  _I2C
                    0x8460                  _UART
                    0x8470                  _PMP1
                    0x8480                  _EPMP1
                    0x8490                  _PMP2
                    0x84a0                  _A2D1
                    0x84b0                  _A2D2
                    0x84c0                  _CTMU1
                    0x84d0                  _CTMU2
                    0x84e0                  _XLP1
                    0x84f0                  _XLP2
                    0x8500                  _A2D12one
                    0x8510                  _A2D12two
                    0x8520                  _OC1
                    0x8530                  _OC2
                    0x8540                  _IC
                    0x8550                  _RTCC1
                    0x8560                  _RTCC2
                    0x8570                  _WDT
                    0x8580                  _VREG1
                    0x8590                  _VREG2
                    0x85a0                  _TMR1
                    0x85b0                  _TMR2
                    0x85c0                  _OSC1
                    0x85d0                  _OSC2
                    0x85e0                  _FRC1
                    0x85f0                  _FRC2
                    0x8600                  _PPS1
                    0x8610                  _PPS2
                    0x8620                  _USBOTG1
                    0x8630                  _USBOTG2
                    0x8640                  _INTRO1
                    0x8651                  _INTRO2
 .const             0x8662         0x18 rtcc.o
 .const             0x867a          0xe tbanner.o

.text             0x000688       0x1580
 .text            0x000688        0x7ec rtcc.o
                  0x000688                  RTCCProcessEvents
                  0x000922                  RTCCInit
                  0x000b9c                  RTCCSet
                  0x000be2                  RTCCUnlock
                  0x000bf8                  RTCCSetBinSec
                  0x000c3a                  RTCCSetBinMin
                  0x000c7c                  RTCCSetBinHour
                  0x000cbe                  RTCCCalculateWeekDay
                  0x000d46                  RTCCSetBinDay
                  0x000dde                  RTCCSetBinMonth
                  0x000e1e                  RTCCSetBinYear
 .text            0x000e74        0x376 adc.o
                  0x000e74                  ADCInit
                  0x000eae                  ADCProcessEvents
                  0x000ff0                  ADCShortToString
                  0x00118a                  ADCStoreTemperature
                  0x0011a8                  ADCLoadTemperature
                  0x0011d4                  ADCSetFromMemory
                  0x0011e0                  ADCIsFromMemory
 .text            0x0011ea        0x2e2 tbanner.o
                  0x0011ea                  TBannerInit
                  0x001204                  TBannerSetup
                  0x00121a                  TBannerIsSetup
                  0x001224                  TBannerNext
                  0x00123a                  TBannerClearField
                  0x0012b2                  TBannerChangeField
                  0x0013e0                  TBannerProcessEvents
 .text            0x0014cc        0x19c lcd.o
                  0x0014cc                  LCDProcessEvents
 .text            0x001668        0x13c PIC24ExplDemo.o
                  0x001668                  main
 .text            0x0017a4        0x116 banner.o
                  0x0017a4                  BannerStart
                  0x0017b6                  BannerInit
                  0x0017c8                  BannerProcessEvents
 .text            0x0018ba         0xf8 buttons.o
                  0x0018ba                  BtnInit
                  0x0018d0                  BtnProcessEvents
 .text            0x0019b2         0xda vbanner.o
                  0x0019b2                  VBannerInit
                  0x0019c8                  VBannerProcessEvents
 .text            0x001a8c         0xc0 eeprom.o
                  0x001a8c                  EEPROMInit
                  0x001a9c                  EEPROMWriteByte
                  0x001ade                  EEPROMReadByte
                  0x001b14                  EEPROMWriteEnable
                  0x001b26                  EEPROMReadStatus
 .text            0x001b4c         0xbc uart2.o
                  0x001b4c                  UART2Init
                  0x001b68                  UART2PutChar
                  0x001b7c                  UART2IsPressed
                  0x001b96                  UART2GetChar
                  0x001bac                  UART2PutDec

.dinit            0x001c08         0xa6
 .dinit           0x001c08         0xa6 data_init

.text             0x001cae         0xac
 .text            0x001cae         0x48 spimpol.o
                  0x001cae                  SPIMPolInit
                  0x001cd0                  SPIMPolPut
                  0x001ce6                  SPIMPolIsTransmitOver
 .text            0x001cf6         0x3a timer.o
                  0x001cf6                  TimerInit
                  0x001d14                  TimerIsOverflowEvent
 .text            0x001d30         0x2a iomapping.o
                  0x001d30                  ioMap
                  0x001d36                  lockIO
                  0x001d48                  unlockIO

.isr              0x001d5a          0x2
 .isr             0x001d5a          0x2 default_isr
                  0x001d5a                  _DefaultInterrupt
